textFile.txt has been copied to testOut.txt
0
1
No such file

