[1] ./infloop.out : 22423 0 secs (Stopped)
./infloop.out
[1] ./infloop.out : 22423 -1 secs (Stopped)
[2] ./infloop2.out : 22424 -1 secs (Stopped)
./infloop2.out
[1] ./infloop.out : 22423 -1 secs (Stopped)
[2] ./infloop.out : 22423 -1 secs
