smash > smash error: >  "pwd d "
smash > smash error: > " somePath " - path not found
smash > smash error: >  "cd "
smash > smash error: >  "history wrong command "
No such file or directory
smash > smash > smash error: >  "jobs 2 "
smash > smash error: >  "jobs 2332 sdfsdkmfs ;aam "
smash > smash error: >  "showpid ;;;sdada sao9 "
smash > smash error: >  "kill -SIGINT 2 "
smash > smash error: >  "fg 211 sadad k "
smash > smash error: >  "bg 22pilotsbjskd ss "
smash > smash error: >  "quit jks9 "
No such file or directory
No such file or directory
